// Jest Snapshot v1, https://goo.gl/fbAQLP

exports[`Home component renders Home component 1`] = `
<DocumentFragment>
  <nav
    class="navbar"
    style="top: 0px;"
  >
    <a
      href="/#home"
    >
      <img
        alt="small logo icon"
        class="logo-icon"
        src="logo.png"
      />
    </a>
    <a
      class="link"
      href="/#home"
    >
      Home
    </a>
    <a
      class="link"
      href="/#solutions"
    >
      Solutions
    </a>
    <a
      class="link"
      href="/#services"
    >
      Services
    </a>
    <a
      class="link"
      href="/#products"
    >
      Products
    </a>
    <a
      class="link"
      href="/#aboutus"
    >
      About Us
    </a>
    <a
      class="link"
      href="/#contact"
    >
      Contact
    </a>
  </nav>
  <div
    class="logo-title"
    id="home"
  >
    <img
      alt="Heat Transfer Systems logo"
      class="home-logo"
      src="logo.png"
    />
    <h1
      class="home-company-title"
      data-testid="title"
    >
      Heat Transfer Systems
    </h1>
    <h2
      class="home-p"
    >
      Burners, Combustion Systems, Components & Service
    </h2>
  </div>
  <section>
    <h1
      id="solutions"
    >
      Solutions
    </h1>
    <h2>
      We build everything with the highest quality components and detail to deliver safe and reliable equipment that you can count on for years to come.
    </h2>
  </section>
  <div
    class="sol-card-container is-visible"
  >
    <div
      class="sol-wrapper"
    >
      <div>
        <div
          class="sol-name"
        >
          Burner Equipment
        </div>
        <div
          class="sol-card"
        >
          <img
            alt="industrial heating system"
            class="sol-img"
            src="burnerEquipment.jpg"
          />
          <div
            class="sol-description"
          >
            <p
              class="sol-p"
            >
              <b>
                Gas & oil burners
              </b>
              , 
              <b>
                recuperators
              </b>
              , and 
              <b>
                heat exchangers
              </b>
               for standard to low emissions applications in a variety of industries.
            </p>
          </div>
        </div>
      </div>
      <div>
        <div
          class="sol-name"
        >
          Gas Trains
        </div>
        <div
          class="sol-card"
        >
          <img
            alt="gas train"
            class="sol-img"
            src="gasTrain.jpg"
          />
          <div
            class="sol-description"
          >
            <p
              class="sol-p"
            >
              <b>
                Custom gas trains
              </b>
               built to meet 
              <b>
                NFPA
              </b>
               requirements for 
              <b>
                natural & propane
              </b>
               gas tailored to the unique needs of our customers.
            </p>
          </div>
        </div>
      </div>
      <div>
        <div
          class="sol-name"
        >
          Control Panels
        </div>
        <div
          class="sol-card"
        >
          <img
            alt="industrial heating system panel"
            class="sol-img"
            src="controlPanel.jpg"
          />
          <div
            class="sol-description"
          >
            <p
              class="sol-p"
            >
              From 
              <b>
                single-burner
              </b>
               to 
              <b>
                complex PLC
              </b>
               based controls, we provide custom control panels for each system.
            </p>
          </div>
        </div>
      </div>
      <div>
        <div
          class="sol-name"
        >
          Turn-Key Systems
        </div>
        <div
          class="sol-card"
        >
          <img
            alt="heat exchanger"
            class="sol-img"
            src="turnKeySystems.jpg"
          />
          <div
            class="sol-description"
          >
            <p
              class="sol-p"
            >
              From tear down of old equipment to the 
              <b>
                design & installation
              </b>
               of new systems, we provide a 
              <b>
                complete package
              </b>
               in start-up training.
            </p>
          </div>
        </div>
      </div>
    </div>
  </div>
  <br />
  <section
    class="serv-main"
    id="services"
  >
    <h1>
      Services
    </h1>
    <img
      alt="industrial heating cycle"
      class="serviceCycle"
      src="serviceCycle.png"
    />
    <h2>
      Keeping equipment running well is just as important as installing it correctly. Our service team is ready to assist you with the ongoing maintenance of your existing equipment. Whether a piece of equipment is brand new, or just new to you, we will get it running in no time.
    </h2>
  </section>
  <div
    class="serv-card-container is-visible"
  >
    <div
      class="card-wrapper"
    >
      <div
        class="serv-card"
      >
        <div
          class="serv-name"
        >
          Start Up
        </div>
        <img
          alt="gas train"
          class="serv-img"
          src="startUp.jpg"
        />
        <p
          class="serv-p"
        >
          Our technicians are trained to perform the 
          <b>
            initial start up
          </b>
           of your new combustion equipment 
          <b>
            regardless of manufacturer
          </b>
          . You can be assured that the job will be done right and done efficiently.
        </p>
      </div>
      <div
        class="serv-card"
      >
        <div
          class="serv-name"
        >
          Installation
        </div>
        <img
          alt="installation of combustion equipment"
          class="serv-img"
          src="installation.jpg"
        />
        <p
          class="serv-p"
        >
          Whether you have a 
          <b>
            new piece of equipment
          </b>
           coming to your facility, or are 
          <b>
            updating an existing combustion system
          </b>
          ,  you can count on our team to complete the installation to the 
          <b>
            highest standards
          </b>
          .
        </p>
      </div>
      <div
        class="serv-card"
      >
        <div
          class="serv-name"
        >
          Preventative Maintenance
        </div>
        <img
          alt="gas train"
          class="serv-img"
          src="prevMaintenance.jpg"
        />
        <p
          class="serv-p"
        >
          Ongoing, preventative maintenance can 
          <b>
            reduce unplanned down time
          </b>
          , 
          <b>
            minimize fuel costs
          </b>
          , 
          <b>
            increase product quality
          </b>
          , and ensure your combustion 
          <b>
            equipment is running safely
          </b>
          . However, if the unexpected does happen, our local team of service experts are ready to get you back into production quickly.
        </p>
      </div>
      <div
        class="serv-card"
      >
        <div
          class="serv-name"
        >
          Service
        </div>
        <img
          alt="industrial heating system"
          class="serv-img"
          src="jobSite.jpg"
        />
        <p
          class="serv-p"
        >
          We offer a wide range of services that include:
          <br />
          <b>
            burner tuning
          </b>
          ,
          <br />
           regulatory 
          <b>
            safety audits
          </b>
          ,
          <br />
           
          <b>
            troubleshooting & repairs
          </b>
          , and
          <br />
          proactive & preventative 
          <b>
            maintenance
          </b>
          .
        </p>
      </div>
    </div>
  </div>
</DocumentFragment>
`;
